// Jest Snapshot v1, https://goo.gl/fbAQLP

exports[`ui exports modules correctly 1`] = `
[
  "App",
  "Backtop",
  "Button",
  "Divider",
  "Drawer",
  "Image",
  "Modal",
  "GeoJSON",
  "Icon",
  "ConfigProvider",
  "Space",
  "Spin",
  "Watermark",
  "Theme",
]
`;
